Archive member included because of file (symbol)

/opt/devkitpro/devkitARM/lib/gcc/arm-none-eabi/4.9.2/../../../../arm-none-eabi/lib/thumb/libg.a(lib_a-init.o)
                              /opt/devkitpro/devkitARM/lib/gcc/arm-none-eabi/4.9.2/../../../../arm-none-eabi/lib/thumb/gba_crt0.o (__libc_init_array)
/opt/devkitpro/devkitARM/lib/gcc/arm-none-eabi/4.9.2/../../../../arm-none-eabi/lib/thumb/libg.a(lib_a-memcpy-stub.o)
                              map.o (memcpy)
/opt/devkitpro/devkitARM/lib/gcc/arm-none-eabi/4.9.2/../../../../arm-none-eabi/lib/thumb/libsysbase.a(malloc_vars.o)
                              /opt/devkitpro/devkitARM/lib/gcc/arm-none-eabi/4.9.2/../../../../arm-none-eabi/lib/thumb/gba_crt0.o (fake_heap_end)

Allocating common symbols
Common symbol       size              file

__key_curr          0x2               console.o
__key_prev          0x2               console.o

Memory Configuration

Name             Origin             Length             Attributes
rom              0x0000000008000000 0x0000000002000000
iwram            0x0000000003000000 0x0000000000008000
ewram            0x0000000002000000 0x0000000000040000
*default*        0x0000000000000000 0xffffffffffffffff

Linker script and memory map

                0x0000000008000000                __text_start = ORIGIN (rom)
                0x0000000002040000                __eheap_end = (ORIGIN (ewram) + 0x40000)
                0x0000000003000000                __iwram_start = ORIGIN (iwram)
                0x0000000003008000                __iwram_top = (ORIGIN (iwram) + 0x8000)
                0x0000000003007fa0                __sp_irq = (__iwram_top - 0x60)
                0x0000000003007f00                __sp_usr = (__sp_irq - 0xa0)
                0x0000000003007ff8                __irq_flags = 0x3007ff8
                0x0000000008000000                . = __text_start

.init           0x0000000008000000      0x21c
 *(.init)
 .init          0x0000000008000000      0x210 /opt/devkitpro/devkitARM/lib/gcc/arm-none-eabi/4.9.2/../../../../arm-none-eabi/lib/thumb/gba_crt0.o
                0x0000000008000000                _start
                0x00000000080000c4                __boot_method
                0x00000000080000c5                __slave_number
                0x00000000080000e0                start_vector
 .init          0x0000000008000210        0x4 /opt/devkitpro/devkitARM/lib/gcc/arm-none-eabi/4.9.2/thumb/crti.o
                0x0000000008000210                _init
 .init          0x0000000008000214        0x8 /opt/devkitpro/devkitARM/lib/gcc/arm-none-eabi/4.9.2/thumb/crtn.o
                0x000000000800021c                . = ALIGN (0x4)

.plt            0x000000000800021c        0x0
 *(.plt)
                0x000000000800021c                . = ALIGN (0x4)

.text           0x000000000800021c     0x15cc
 *(EXCLUDE_FILE(*.iwram*) .text)
 .text          0x000000000800021c        0x0 /opt/devkitpro/devkitARM/lib/gcc/arm-none-eabi/4.9.2/../../../../arm-none-eabi/lib/thumb/gba_crt0.o
 .text          0x000000000800021c        0x0 /opt/devkitpro/devkitARM/lib/gcc/arm-none-eabi/4.9.2/thumb/crti.o
 .text          0x000000000800021c       0xd4 /opt/devkitpro/devkitARM/lib/gcc/arm-none-eabi/4.9.2/thumb/crtbegin.o
 .text          0x00000000080002f0      0x6a4 perso.o
                0x00000000080002f0                persoMoveUp
                0x0000000008000448                persoMoveDown
                0x00000000080005a0                persoMoveLeft
                0x00000000080006f8                persoMoveRight
                0x0000000008000850                persoPush
 .text          0x0000000008000994       0x28 class.o
                0x0000000008000994                initPerso
                0x00000000080009a0                initCarte
 .text          0x00000000080009bc        0x0 console.o
 .text          0x00000000080009bc      0x150 bitmap.o
                0x00000000080009bc                draw_bitmap
 .text          0x0000000008000b0c        0x0 import.o
 .text          0x0000000008000b0c       0xcc input.o
                0x0000000008000b0c                key_poll
                0x0000000008000b30                key_curr_state
                0x0000000008000b3c                key_prev_state
                0x0000000008000b48                key_is_down
                0x0000000008000b54                key_is_up
                0x0000000008000b60                key_was_down
                0x0000000008000b6c                key_was_up
                0x0000000008000b78                key_transit
                0x0000000008000b90                key_held
                0x0000000008000ba8                key_hit
                0x0000000008000bc0                key_released
 .text          0x0000000008000bd8      0x280 map.o
                0x0000000008000bd8                map_load
                0x0000000008000c00                testValue
                0x0000000008000c08                testColl
                0x0000000008000c2c                debugMap
                0x0000000008000c70                spawnXY
                0x0000000008000dcc                checkMap
                0x0000000008000e40                nextLvl
 .text          0x0000000008000e58      0x670 affichage.o
                0x0000000008000e58                drawnTiles
                0x0000000008000ec4                drawnLCircle
                0x0000000008000fa8                drawnBCircle
                0x000000000800119c                drawnPerso
                0x00000000080011c0                drawnIntroScreen
                0x00000000080011d8                drawnLvlUpScreen
                0x00000000080011f0                drawnDebug
                0x0000000008001208                clearDebug
                0x0000000008001310                clearScreen
                0x000000000800133c                converTiles
                0x0000000008001358                mapRefresh
 .text          0x00000000080014c8       0x58 /opt/devkitpro/devkitARM/lib/gcc/arm-none-eabi/4.9.2/../../../../arm-none-eabi/lib/thumb/libg.a(lib_a-init.o)
                0x00000000080014c8                __libc_init_array
 .text          0x0000000008001520       0x84 /opt/devkitpro/devkitARM/lib/gcc/arm-none-eabi/4.9.2/../../../../arm-none-eabi/lib/thumb/libg.a(lib_a-memcpy-stub.o)
                0x0000000008001520                memcpy
 .text          0x00000000080015a4        0x0 /opt/devkitpro/devkitARM/lib/gcc/arm-none-eabi/4.9.2/../../../../arm-none-eabi/lib/thumb/libsysbase.a(malloc_vars.o)
 .text          0x00000000080015a4        0x0 /opt/devkitpro/devkitARM/lib/gcc/arm-none-eabi/4.9.2/thumb/crtend.o
 .text          0x00000000080015a4        0x0 /opt/devkitpro/devkitARM/lib/gcc/arm-none-eabi/4.9.2/thumb/crtn.o
 *(.text .stub .text.* .gnu.linkonce.t.*)
 .text.startup  0x00000000080015a4      0x244 console.o
                0x00000000080015a4                main
 *(.text.*personality*)
 *(.gnu.warning)
 *(.glue_7t)
 .glue_7t       0x0000000000000000        0x0 linker stubs
 *(.glue_7)
 .glue_7        0x0000000000000000        0x0 linker stubs
 *(.vfp11_veneer)
 .vfp11_veneer  0x0000000000000000        0x0 linker stubs
                0x00000000080017e8                . = ALIGN (0x4)
                0x00000000080017e8                __text_end = .

.v4_bx          0x00000000080017e8        0x0
 .v4_bx         0x0000000000000000        0x0 linker stubs

.iplt           0x00000000080017e8        0x0
 .iplt          0x0000000000000000        0x0 /opt/devkitpro/devkitARM/lib/gcc/arm-none-eabi/4.9.2/../../../../arm-none-eabi/lib/thumb/gba_crt0.o

.fini           0x00000000080017e8        0xc
 *(.fini)
 .fini          0x00000000080017e8        0x4 /opt/devkitpro/devkitARM/lib/gcc/arm-none-eabi/4.9.2/thumb/crti.o
                0x00000000080017e8                _fini
 .fini          0x00000000080017ec        0x8 /opt/devkitpro/devkitARM/lib/gcc/arm-none-eabi/4.9.2/thumb/crtn.o
                0x00000000080017f4                . = ALIGN (0x4)

.rodata         0x00000000080017f4    0x2598c
 *(.rodata)
 .rodata        0x00000000080017f4    0x2596c import.o
                0x00000000080017f4                LvlUpScreen
                0x00000000080143fc                IntroScreen
                0x0000000008027004                Debug
 .rodata        0x0000000008027160       0x20 affichage.o
 *all.rodata*(*)
 *(.roda)
 *(.rodata.*)
 *(.gnu.linkonce.r*)
                0x0000000008027180                . = ALIGN (0x4)

.rel.dyn        0x0000000008027180        0x0
 .rel.iplt      0x0000000000000000        0x0 /opt/devkitpro/devkitARM/lib/gcc/arm-none-eabi/4.9.2/../../../../arm-none-eabi/lib/thumb/gba_crt0.o

.ARM.extab
 *(.ARM.extab* .gnu.linkonce.armextab.*)
                0x0000000008027180                __exidx_start = .

.ARM.exidx
 *(.ARM.exidx* .gnu.linkonce.armexidx.*)
                0x0000000008027180                __exidx_end = .

.ctors          0x0000000008027180        0x0
 *crtbegin.o(.ctors)
 *(EXCLUDE_FILE(*crtend.o) .ctors)
 *(SORT(.ctors.*))
 *(.ctors)
                0x0000000008027180                . = ALIGN (0x4)

.dtors          0x0000000008027180        0x0
 *crtbegin.o(.dtors)
 *(EXCLUDE_FILE(*crtend.o) .dtors)
 *(SORT(.dtors.*))
 *(.dtors)
                0x0000000008027180                . = ALIGN (0x4)

.eh_frame       0x0000000008027180        0x4
 *(.eh_frame)
 .eh_frame      0x0000000008027180        0x0 /opt/devkitpro/devkitARM/lib/gcc/arm-none-eabi/4.9.2/thumb/crtbegin.o
 .eh_frame      0x0000000008027180        0x4 /opt/devkitpro/devkitARM/lib/gcc/arm-none-eabi/4.9.2/thumb/crtend.o
                0x0000000008027184                . = ALIGN (0x4)

.gcc_except_table
                0x0000000008027184        0x0
 *(.gcc_except_table)
                0x0000000008027184                . = ALIGN (0x4)
                0x0000000008027184                __iwram_lma = .

.iwram          0x0000000003000000        0x0 load address 0x0000000008027184
                0x0000000003000000                __iwram_start__ = ABSOLUTE (.)
 *(.iwram)
 *iwram.*(.text)
                0x0000000003000000                . = ALIGN (0x4)
                0x0000000003000000                __iwram_end__ = ABSOLUTE (.)
                0x0000000008027184                __data_lma = (__iwram_lma + SIZEOF (.iwram))

.bss            0x0000000003000000       0x28
                0x0000000003000000                __bss_start = ABSOLUTE (.)
                0x0000000003000000                __bss_start__ = ABSOLUTE (.)
 *(.dynbss)
 *(.gnu.linkonce.b*)
 *(.bss*)
 .bss           0x0000000003000000        0x0 /opt/devkitpro/devkitARM/lib/gcc/arm-none-eabi/4.9.2/../../../../arm-none-eabi/lib/thumb/gba_crt0.o
 .bss           0x0000000003000000        0x0 /opt/devkitpro/devkitARM/lib/gcc/arm-none-eabi/4.9.2/thumb/crti.o
 .bss           0x0000000003000000       0x1c /opt/devkitpro/devkitARM/lib/gcc/arm-none-eabi/4.9.2/thumb/crtbegin.o
 .bss           0x000000000300001c        0x0 perso.o
 .bss           0x000000000300001c        0x0 class.o
 .bss           0x000000000300001c        0x0 console.o
 .bss           0x000000000300001c        0x0 bitmap.o
 .bss           0x000000000300001c        0x0 import.o
 .bss           0x000000000300001c        0x0 input.o
 .bss           0x000000000300001c        0x0 map.o
 .bss           0x000000000300001c        0x0 affichage.o
 .bss           0x000000000300001c        0x0 /opt/devkitpro/devkitARM/lib/gcc/arm-none-eabi/4.9.2/../../../../arm-none-eabi/lib/thumb/libg.a(lib_a-init.o)
 .bss           0x000000000300001c        0x0 /opt/devkitpro/devkitARM/lib/gcc/arm-none-eabi/4.9.2/../../../../arm-none-eabi/lib/thumb/libg.a(lib_a-memcpy-stub.o)
 .bss           0x000000000300001c        0x8 /opt/devkitpro/devkitARM/lib/gcc/arm-none-eabi/4.9.2/../../../../arm-none-eabi/lib/thumb/libsysbase.a(malloc_vars.o)
                0x000000000300001c                fake_heap_start
                0x0000000003000020                fake_heap_end
 .bss           0x0000000003000024        0x0 /opt/devkitpro/devkitARM/lib/gcc/arm-none-eabi/4.9.2/thumb/crtend.o
 .bss           0x0000000003000024        0x0 /opt/devkitpro/devkitARM/lib/gcc/arm-none-eabi/4.9.2/thumb/crtn.o
 *(COMMON)
 COMMON         0x0000000003000024        0x4 console.o
                0x0000000003000024                __key_curr
                0x0000000003000026                __key_prev
                0x0000000003000028                . = ALIGN (0x4)
                0x0000000003000028                __bss_end__ = ABSOLUTE (.)

.data           0x0000000003000028     0x1c04 load address 0x0000000008027184
                0x0000000003000028                __data_start__ = ABSOLUTE (.)
 *(.data)
 .data          0x0000000003000028        0x0 /opt/devkitpro/devkitARM/lib/gcc/arm-none-eabi/4.9.2/../../../../arm-none-eabi/lib/thumb/gba_crt0.o
 .data          0x0000000003000028        0x0 /opt/devkitpro/devkitARM/lib/gcc/arm-none-eabi/4.9.2/thumb/crti.o
 .data          0x0000000003000028        0x4 /opt/devkitpro/devkitARM/lib/gcc/arm-none-eabi/4.9.2/thumb/crtbegin.o
                0x0000000003000028                __dso_handle
 .data          0x000000000300002c        0x0 perso.o
 .data          0x000000000300002c        0x0 class.o
 .data          0x000000000300002c        0x0 console.o
 .data          0x000000000300002c        0x0 bitmap.o
 .data          0x000000000300002c      0x580 import.o
                0x000000000300002c                perso_bm
                0x000000000300003c                PersoLeft
                0x0000000003000198                PersoRight
                0x00000000030002f4                PersoDown
                0x0000000003000450                PersoUp
 .data          0x00000000030005ac        0x0 input.o
 .data          0x00000000030005ac     0x1680 map.o
                0x00000000030005ac                worlds
 .data          0x0000000003001c2c        0x0 affichage.o
 .data          0x0000000003001c2c        0x0 /opt/devkitpro/devkitARM/lib/gcc/arm-none-eabi/4.9.2/../../../../arm-none-eabi/lib/thumb/libg.a(lib_a-init.o)
 .data          0x0000000003001c2c        0x0 /opt/devkitpro/devkitARM/lib/gcc/arm-none-eabi/4.9.2/../../../../arm-none-eabi/lib/thumb/libg.a(lib_a-memcpy-stub.o)
 .data          0x0000000003001c2c        0x0 /opt/devkitpro/devkitARM/lib/gcc/arm-none-eabi/4.9.2/../../../../arm-none-eabi/lib/thumb/libsysbase.a(malloc_vars.o)
 .data          0x0000000003001c2c        0x0 /opt/devkitpro/devkitARM/lib/gcc/arm-none-eabi/4.9.2/thumb/crtend.o
 .data          0x0000000003001c2c        0x0 /opt/devkitpro/devkitARM/lib/gcc/arm-none-eabi/4.9.2/thumb/crtn.o
 *(.data.*)
 *(.gnu.linkonce.d*)
                0x0000000003001c2c                . = ALIGN (0x4)
                0x0000000008028d88                __preinit_lma = (__data_lma + SIZEOF (.data))

.igot.plt       0x0000000003001c2c        0x0 load address 0x0000000008028d88
 .igot.plt      0x0000000000000000        0x0 /opt/devkitpro/devkitARM/lib/gcc/arm-none-eabi/4.9.2/../../../../arm-none-eabi/lib/thumb/gba_crt0.o

.tm_clone_table
                0x0000000003001c2c        0x0 load address 0x0000000008028d88
 .tm_clone_table
                0x0000000003001c2c        0x0 /opt/devkitpro/devkitARM/lib/gcc/arm-none-eabi/4.9.2/thumb/crtbegin.o
 .tm_clone_table
                0x0000000003001c2c        0x0 /opt/devkitpro/devkitARM/lib/gcc/arm-none-eabi/4.9.2/thumb/crtend.o

.preinit_array  0x0000000003001c2c        0x0 load address 0x0000000008028d88
                0x0000000003001c2c                __preinit_array_start = ABSOLUTE (.)
 *(.preinit_array)
                0x0000000003001c2c                __preinit_array_end = ABSOLUTE (.)
                0x0000000008028d88                __init_lma = (__preinit_lma + SIZEOF (.preinit_array))

.init_array     0x0000000003001c2c        0x4 load address 0x0000000008028d88
                0x0000000003001c2c                __init_array_start = ABSOLUTE (.)
 *(SORT(.init_array.*))
 *(.init_array)
 .init_array    0x0000000003001c2c        0x4 /opt/devkitpro/devkitARM/lib/gcc/arm-none-eabi/4.9.2/thumb/crtbegin.o
                0x0000000003001c30                __init_array_end = ABSOLUTE (.)
                0x0000000008028d8c                __fini_lma = (__init_lma + SIZEOF (.init_array))

.fini_array     0x0000000003001c30        0x4 load address 0x0000000008028d8c
                0x0000000003001c30                __fini_array_start = ABSOLUTE (.)
 *(SORT(.fini_array.*))
 *(.fini_array)
 .fini_array    0x0000000003001c30        0x4 /opt/devkitpro/devkitARM/lib/gcc/arm-none-eabi/4.9.2/thumb/crtbegin.o
                0x0000000003001c34                __fini_array_end = ABSOLUTE (.)
                0x0000000008028d90                __jcr_lma = (__fini_lma + SIZEOF (.fini_array))

.jcr            0x0000000003001c34        0x4 load address 0x0000000008028d90
 *(.jcr)
 .jcr           0x0000000003001c34        0x0 /opt/devkitpro/devkitARM/lib/gcc/arm-none-eabi/4.9.2/thumb/crtbegin.o
 .jcr           0x0000000003001c34        0x4 /opt/devkitpro/devkitARM/lib/gcc/arm-none-eabi/4.9.2/thumb/crtend.o
                0x0000000003001c38                __data_end__ = ABSOLUTE (.)
                0x0000000008028d94                __iwram_overlay_lma = (__jcr_lma + SIZEOF (.jcr))
                0x0000000003001c38                __iwram_overlay_start = .

.iwram0         0x0000000003001c38        0x0 load address 0x0000000008028d94
 *(.iwram0)
                0x0000000003001c38                . = ALIGN (0x4)
                0x0000000008028d94                PROVIDE (__load_start_iwram0, LOADADDR (.iwram0))
                0x0000000008028d94                PROVIDE (__load_stop_iwram0, (LOADADDR (.iwram0) + SIZEOF (.iwram0)))

.iwram1         0x0000000003001c38        0x0
 *(.iwram1)
                0x0000000003001c38                . = ALIGN (0x4)
                0x0000000003001c38                PROVIDE (__load_start_iwram1, LOADADDR (.iwram1))
                0x0000000003001c38                PROVIDE (__load_stop_iwram1, (LOADADDR (.iwram1) + SIZEOF (.iwram1)))

.iwram2         0x0000000003001c38        0x0
 *(.iwram2)
                0x0000000003001c38                . = ALIGN (0x4)
                0x0000000003001c38                PROVIDE (__load_start_iwram2, LOADADDR (.iwram2))
                0x0000000003001c38                PROVIDE (__load_stop_iwram2, (LOADADDR (.iwram2) + SIZEOF (.iwram2)))

.iwram3         0x0000000003001c38        0x0
 *(.iwram3)
                0x0000000003001c38                . = ALIGN (0x4)
                0x0000000003001c38                PROVIDE (__load_start_iwram3, LOADADDR (.iwram3))
                0x0000000003001c38                PROVIDE (__load_stop_iwram3, (LOADADDR (.iwram3) + SIZEOF (.iwram3)))

.iwram4         0x0000000003001c38        0x0
 *(.iwram4)
                0x0000000003001c38                . = ALIGN (0x4)
                0x0000000003001c38                PROVIDE (__load_start_iwram4, LOADADDR (.iwram4))
                0x0000000003001c38                PROVIDE (__load_stop_iwram4, (LOADADDR (.iwram4) + SIZEOF (.iwram4)))

.iwram5         0x0000000003001c38        0x0
 *(.iwram5)
                0x0000000003001c38                . = ALIGN (0x4)
                0x0000000003001c38                PROVIDE (__load_start_iwram5, LOADADDR (.iwram5))
                0x0000000003001c38                PROVIDE (__load_stop_iwram5, (LOADADDR (.iwram5) + SIZEOF (.iwram5)))

.iwram6         0x0000000003001c38        0x0
 *(.iwram6)
                0x0000000003001c38                . = ALIGN (0x4)
                0x0000000003001c38                PROVIDE (__load_start_iwram6, LOADADDR (.iwram6))
                0x0000000003001c38                PROVIDE (__load_stop_iwram6, (LOADADDR (.iwram6) + SIZEOF (.iwram6)))

.iwram7         0x0000000003001c38        0x0
 *(.iwram7)
                0x0000000003001c38                . = ALIGN (0x4)
                0x0000000003001c38                PROVIDE (__load_start_iwram7, LOADADDR (.iwram7))
                0x0000000003001c38                PROVIDE (__load_stop_iwram7, (LOADADDR (.iwram7) + SIZEOF (.iwram7)))

.iwram8         0x0000000003001c38        0x0
 *(.iwram8)
                0x0000000003001c38                . = ALIGN (0x4)
                0x0000000003001c38                PROVIDE (__load_start_iwram8, LOADADDR (.iwram8))
                0x0000000003001c38                PROVIDE (__load_stop_iwram8, (LOADADDR (.iwram8) + SIZEOF (.iwram8)))

.iwram9         0x0000000003001c38        0x0
 *(.iwram9)
                0x0000000003001c38                . = ALIGN (0x4)
                0x0000000003001c38                PROVIDE (__load_start_iwram9, LOADADDR (.iwram9))
                0x0000000003001c38                PROVIDE (__load_stop_iwram9, (LOADADDR (.iwram9) + SIZEOF (.iwram9)))
                0x0000000003001c38                __iwram_overlay_end = .
                0x0000000008028d94                __ewram_lma = (__iwram_overlay_lma + (__iwram_overlay_end - __iwram_overlay_start))
                0x0000000003001c38                __iheap_start = .
                0x0000000002000000                __ewram_start = ORIGIN (ewram)

.ewram          0x0000000002000000        0x0 load address 0x0000000008028d94
 *(.ewram)
                0x0000000002000000                . = ALIGN (0x4)
                0x0000000002000000                __ewram_end = ABSOLUTE (.)
                0x0000000008028d94                __pad_lma = (__ewram_lma + SIZEOF (.ewram))

.sbss           0x0000000002000000        0x0
                0x0000000002000000                __sbss_start__ = ABSOLUTE (.)
 *(.sbss)
                0x0000000002000000                . = ALIGN (0x4)
                0x0000000002000000                __sbss_end__ = ABSOLUTE (.)
                0x0000000002000000                __end__ = ABSOLUTE (.)
                0x0000000002000000                __eheap_start = ABSOLUTE (.)

.pad            0x0000000002000000        0x8 load address 0x0000000008028d94
                0x0000000002000000        0x4 LONG 0x52416b64
                0x0000000002000004        0x4 LONG 0x4d
                0x0000000002000008                . = ALIGN (0x4)
                0x0000000008028d9c                __rom_end__ = (__pad_lma + SIZEOF (.pad))

.stab
 *(.stab)

.stabstr
 *(.stabstr)

.stab.excl
 *(.stab.excl)

.stab.exclstr
 *(.stab.exclstr)

.stab.index
 *(.stab.index)

.stab.indexstr
 *(.stab.indexstr)

.comment        0x0000000000000000       0x22
 *(.comment)
 .comment       0x0000000000000000       0x22 /opt/devkitpro/devkitARM/lib/gcc/arm-none-eabi/4.9.2/thumb/crtbegin.o
                                         0x23 (size before relaxing)
 .comment       0x0000000000000000       0x23 perso.o
 .comment       0x0000000000000000       0x23 class.o
 .comment       0x0000000000000000       0x23 console.o
 .comment       0x0000000000000000       0x23 bitmap.o
 .comment       0x0000000000000000       0x23 import.o
 .comment       0x0000000000000000       0x23 input.o
 .comment       0x0000000000000000       0x23 map.o
 .comment       0x0000000000000000       0x23 affichage.o
 .comment       0x0000000000000000       0x23 /opt/devkitpro/devkitARM/lib/gcc/arm-none-eabi/4.9.2/../../../../arm-none-eabi/lib/thumb/libg.a(lib_a-init.o)
 .comment       0x0000000000000000       0x23 /opt/devkitpro/devkitARM/lib/gcc/arm-none-eabi/4.9.2/../../../../arm-none-eabi/lib/thumb/libg.a(lib_a-memcpy-stub.o)
 .comment       0x0000000000000000       0x23 /opt/devkitpro/devkitARM/lib/gcc/arm-none-eabi/4.9.2/../../../../arm-none-eabi/lib/thumb/libsysbase.a(malloc_vars.o)
 .comment       0x0000000000000000       0x23 /opt/devkitpro/devkitARM/lib/gcc/arm-none-eabi/4.9.2/thumb/crtend.o

.debug
 *(.debug)

.line
 *(.line)

.debug_srcinfo
 *(.debug_srcinfo)

.debug_sfnames
 *(.debug_sfnames)

.debug_aranges  0x0000000000000000       0xf8
 *(.debug_aranges)
 .debug_aranges
                0x0000000000000000       0x20 perso.o
 .debug_aranges
                0x0000000000000020       0x20 class.o
 .debug_aranges
                0x0000000000000040       0x20 console.o
 .debug_aranges
                0x0000000000000060       0x20 bitmap.o
 .debug_aranges
                0x0000000000000080       0x18 import.o
 .debug_aranges
                0x0000000000000098       0x20 input.o
 .debug_aranges
                0x00000000000000b8       0x20 map.o
 .debug_aranges
                0x00000000000000d8       0x20 affichage.o

.debug_pubnames
 *(.debug_pubnames)

.debug_info     0x0000000000000000     0x236f
 *(.debug_info)
 .debug_info    0x0000000000000000      0x7a4 perso.o
 .debug_info    0x00000000000007a4      0x18b class.o
 .debug_info    0x000000000000092f      0x810 console.o
 .debug_info    0x000000000000113f      0x157 bitmap.o
 .debug_info    0x0000000000001296      0x13d import.o
 .debug_info    0x00000000000013d3      0x1f2 input.o
 .debug_info    0x00000000000015c5      0x39e map.o
 .debug_info    0x0000000000001963      0xa0c affichage.o

.debug_abbrev   0x0000000000000000      0xa5a
 *(.debug_abbrev)
 .debug_abbrev  0x0000000000000000      0x19d perso.o
 .debug_abbrev  0x000000000000019d       0xf3 class.o
 .debug_abbrev  0x0000000000000290      0x192 console.o
 .debug_abbrev  0x0000000000000422       0xe5 bitmap.o
 .debug_abbrev  0x0000000000000507       0x94 import.o
 .debug_abbrev  0x000000000000059b       0x94 input.o
 .debug_abbrev  0x000000000000062f      0x1a3 map.o
 .debug_abbrev  0x00000000000007d2      0x288 affichage.o

.debug_line     0x0000000000000000      0x8f3
 *(.debug_line)
 .debug_line    0x0000000000000000      0x24b perso.o
 .debug_line    0x000000000000024b       0x87 class.o
 .debug_line    0x00000000000002d2      0x13a console.o
 .debug_line    0x000000000000040c       0xbe bitmap.o
 .debug_line    0x00000000000004ca       0x73 import.o
 .debug_line    0x000000000000053d       0x95 input.o
 .debug_line    0x00000000000005d2       0xf6 map.o
 .debug_line    0x00000000000006c8      0x22b affichage.o

.debug_frame    0x0000000000000000      0x438
 *(.debug_frame)
 .debug_frame   0x0000000000000000       0xec perso.o
 .debug_frame   0x00000000000000ec       0x38 class.o
 .debug_frame   0x0000000000000124       0x34 console.o
 .debug_frame   0x0000000000000158       0x3c bitmap.o
 .debug_frame   0x0000000000000194       0xc0 input.o
 .debug_frame   0x0000000000000254       0xa8 map.o
 .debug_frame   0x00000000000002fc      0x13c affichage.o

.debug_str      0x0000000000000000      0x561
 *(.debug_str)
 .debug_str     0x0000000000000000      0x134 perso.o
                                        0x139 (size before relaxing)
 .debug_str     0x0000000000000134       0x70 class.o
                                        0x10f (size before relaxing)
 .debug_str     0x00000000000001a4      0x116 console.o
                                        0x228 (size before relaxing)
 .debug_str     0x00000000000002ba       0x6e bitmap.o
                                        0x112 (size before relaxing)
 .debug_str     0x0000000000000328       0x6a import.o
                                        0x14c (size before relaxing)
 .debug_str     0x0000000000000392       0x9a input.o
                                        0x169 (size before relaxing)
 .debug_str     0x000000000000042c       0x82 map.o
                                        0x1ac (size before relaxing)
 .debug_str     0x00000000000004ae       0xb3 affichage.o
                                        0x231 (size before relaxing)

.debug_loc      0x0000000000000000     0x2f83
 *(.debug_loc)
 .debug_loc     0x0000000000000000     0x108a perso.o
 .debug_loc     0x000000000000108a       0x86 class.o
 .debug_loc     0x0000000000001110      0x14b console.o
 .debug_loc     0x000000000000125b      0x173 bitmap.o
 .debug_loc     0x00000000000013ce      0x108 input.o
 .debug_loc     0x00000000000014d6      0xa89 map.o
 .debug_loc     0x0000000000001f5f     0x1024 affichage.o

.debug_macinfo
 *(.debug_macinfo)

.debug_weaknames
 *(.debug_weaknames)

.debug_funcnames
 *(.debug_funcnames)

.debug_typenames
 *(.debug_typenames)

.debug_varnames
 *(.debug_varnames)

.stack          0x0000000000080000        0x0
                0x0000000000080000                _stack = .
 *(.stack)

.note.gnu.arm.ident
 *(.note.gnu.arm.ident)

.ARM.attributes
                0x0000000000000000       0x2b
 *(.ARM.attributes)
 .ARM.attributes
                0x0000000000000000       0x16 /opt/devkitpro/devkitARM/lib/gcc/arm-none-eabi/4.9.2/../../../../arm-none-eabi/lib/thumb/gba_crt0.o
 .ARM.attributes
                0x0000000000000016       0x16 /opt/devkitpro/devkitARM/lib/gcc/arm-none-eabi/4.9.2/thumb/crti.o
 .ARM.attributes
                0x000000000000002c       0x30 /opt/devkitpro/devkitARM/lib/gcc/arm-none-eabi/4.9.2/thumb/crtbegin.o
 .ARM.attributes
                0x000000000000005c       0x2c perso.o
 .ARM.attributes
                0x0000000000000088       0x2c class.o
 .ARM.attributes
                0x00000000000000b4       0x2c console.o
 .ARM.attributes
                0x00000000000000e0       0x2c bitmap.o
 .ARM.attributes
                0x000000000000010c       0x2c import.o
 .ARM.attributes
                0x0000000000000138       0x2c input.o
 .ARM.attributes
                0x0000000000000164       0x2c map.o
 .ARM.attributes
                0x0000000000000190       0x2c affichage.o
 .ARM.attributes
                0x00000000000001bc       0x30 /opt/devkitpro/devkitARM/lib/gcc/arm-none-eabi/4.9.2/../../../../arm-none-eabi/lib/thumb/libg.a(lib_a-init.o)
 .ARM.attributes
                0x00000000000001ec       0x30 /opt/devkitpro/devkitARM/lib/gcc/arm-none-eabi/4.9.2/../../../../arm-none-eabi/lib/thumb/libg.a(lib_a-memcpy-stub.o)
 .ARM.attributes
                0x000000000000021c       0x30 /opt/devkitpro/devkitARM/lib/gcc/arm-none-eabi/4.9.2/../../../../arm-none-eabi/lib/thumb/libsysbase.a(malloc_vars.o)
 .ARM.attributes
                0x000000000000024c       0x30 /opt/devkitpro/devkitARM/lib/gcc/arm-none-eabi/4.9.2/thumb/crtend.o
 .ARM.attributes
                0x000000000000027c       0x16 /opt/devkitpro/devkitARM/lib/gcc/arm-none-eabi/4.9.2/thumb/crtn.o

/DISCARD/
 *(.note.GNU-stack)
LOAD /opt/devkitpro/devkitARM/lib/gcc/arm-none-eabi/4.9.2/../../../../arm-none-eabi/lib/thumb/gba_crt0.o
LOAD /opt/devkitpro/devkitARM/lib/gcc/arm-none-eabi/4.9.2/thumb/crti.o
LOAD /opt/devkitpro/devkitARM/lib/gcc/arm-none-eabi/4.9.2/thumb/crtbegin.o
LOAD perso.o
LOAD class.o
LOAD console.o
LOAD bitmap.o
LOAD import.o
LOAD input.o
LOAD map.o
LOAD affichage.o
LOAD /opt/devkitpro/libgba/lib/libgba.a
START GROUP
LOAD /opt/devkitpro/devkitARM/lib/gcc/arm-none-eabi/4.9.2/thumb/libgcc.a
LOAD /opt/devkitpro/devkitARM/lib/gcc/arm-none-eabi/4.9.2/../../../../arm-none-eabi/lib/thumb/libg.a
LOAD /opt/devkitpro/devkitARM/lib/gcc/arm-none-eabi/4.9.2/../../../../arm-none-eabi/lib/thumb/libc.a
LOAD /opt/devkitpro/devkitARM/lib/gcc/arm-none-eabi/4.9.2/../../../../arm-none-eabi/lib/thumb/libsysbase.a
END GROUP
LOAD /opt/devkitpro/devkitARM/lib/gcc/arm-none-eabi/4.9.2/thumb/crtend.o
LOAD /opt/devkitpro/devkitARM/lib/gcc/arm-none-eabi/4.9.2/thumb/crtn.o
OUTPUT(/home/smx2020/Documents/Dev/C/Gba/Sokoban/Sokoban.elf elf32-littlearm)

.debug_ranges   0x0000000000000000      0x290
 .debug_ranges  0x0000000000000000       0x10 console.o
 .debug_ranges  0x0000000000000010       0x28 bitmap.o
 .debug_ranges  0x0000000000000038      0x258 affichage.o
